[    0.000000] Linux version 6.9.0-rc3-next-20240412 (ubuntu@ubuntu) (x86_64-linux-gnu-gcc (Ubuntu 11.4.0-1ubuntu1~22.04) 11.4.0, GNU ld (GNU Binutils for Ubuntu) 2.38) #1 SMP PREEMPT_DYNAMIC Sat Apr 13 18:39:19 UTC 2024
[    0.000000] Command line: root=/dev/sda rw console=ttyS0,115200 acpi=off nokaslr
[    0.000000] BIOS-provided physical RAM map:
[    0.000000] BIOS-e820: [mem 0x0000000000000000-0x000000000009fbff] usable
[    0.000000] BIOS-e820: [mem 0x000000000009fc00-0x000000000009ffff] reserved
[    0.000000] BIOS-e820: [mem 0x00000000000f0000-0x00000000000fffff] reserved
[    0.000000] BIOS-e820: [mem 0x0000000000100000-0x00000000800dffff] usable
[    0.000000] BIOS-e820: [mem 0x00000000800e0000-0x00000000800fffff] reserved
[    0.000000] BIOS-e820: [mem 0x00000000fffc0000-0x00000000ffffffff] reserved
[    0.000000] NX (Execute Disable) protection: active
[    0.000000] APIC: Static calls initialized
[    0.000000] SMBIOS 2.8 present.
[    0.000000] DMI: QEMU Standard PC (i440FX + PIIX, 1996), BIOS 1.15.0-1 04/01/2014
[    0.000000] tsc: Fast TSC calibration failed
[    0.000000] last_pfn = 0x800e0 max_arch_pfn = 0x400000000
[    0.000000] MTRR map: 4 entries (3 fixed + 1 variable; max 19), built from 8 variable MTRRs
[    0.000000] x86/PAT: Configuration [0-7]: WB  WC  UC- UC  WB  WP  UC- WT  
[    0.000000] found SMP MP-table at [mem 0x000f5ba0-0x000f5baf]
[    0.000000] Intel MultiProcessor Specification v1.4
[    0.000000] MPTABLE: OEM ID: BOCHSCPU
[    0.000000] MPTABLE: Product ID: 0.1         
[    0.000000] MPTABLE: APIC at: 0xFEE00000
[    0.000000] No NUMA configuration found
[    0.000000] Faking a node at [mem 0x0000000000000000-0x00000000800dffff]
[    0.000000] NODE_DATA(0) allocated [mem 0x800dc000-0x800dffff]
[    0.000000] Zone ranges:
[    0.000000]   DMA      [mem 0x0000000000001000-0x0000000000ffffff]
[    0.000000]   DMA32    [mem 0x0000000001000000-0x00000000800dffff]
[    0.000000]   Normal   empty
[    0.000000] Movable zone start for each node
[    0.000000] Early memory node ranges
[    0.000000]   node   0: [mem 0x0000000000001000-0x000000000009efff]
[    0.000000]   node   0: [mem 0x0000000000100000-0x00000000800dffff]
[    0.000000] Initmem setup node 0 [mem 0x0000000000001000-0x00000000800dffff]
[    0.000000] On node 0, zone DMA: 1 pages in unavailable ranges
[    0.000000] On node 0, zone DMA: 97 pages in unavailable ranges
[    0.000000] On node 0, zone DMA32: 32544 pages in unavailable ranges
[    0.000000] Intel MultiProcessor Specification v1.4
[    0.000000] MPTABLE: OEM ID: BOCHSCPU
[    0.000000] MPTABLE: Product ID: 0.1         
[    0.000000] MPTABLE: APIC at: 0xFEE00000
[    0.000000] Processor #0 (Bootup-CPU)
[    0.000000] IOAPIC[0]: apic_id 0, version 32, address 0xfec00000, GSI 0-23
[    0.000000] Processors: 1
[    0.000000] CPU topo: Max. logical packages:   1
[    0.000000] CPU topo: Max. logical dies:       1
[    0.000000] CPU topo: Max. dies per package:   1
[    0.000000] CPU topo: Max. threads per core:   1
[    0.000000] CPU topo: Num. cores per package:     1
[    0.000000] CPU topo: Num. threads per package:   1
[    0.000000] CPU topo: Allowing 1 present CPUs plus 0 hotplug CPUs
[    0.000000] PM: hibernation: Registered nosave memory: [mem 0x00000000-0x00000fff]
[    0.000000] PM: hibernation: Registered nosave memory: [mem 0x0009f000-0x0009ffff]
[    0.000000] PM: hibernation: Registered nosave memory: [mem 0x000a0000-0x000effff]
[    0.000000] PM: hibernation: Registered nosave memory: [mem 0x000f0000-0x000fffff]
[    0.000000] [mem 0x80100000-0xfffbffff] available for PCI devices
[    0.000000] Booting paravirtualized kernel on bare hardware
[    0.000000] clocksource: refined-jiffies: mask: 0xffffffff max_cycles: 0xffffffff, max_idle_ns: 1910969940391419 ns
[    0.000000] setup_percpu: NR_CPUS:64 nr_cpumask_bits:1 nr_cpu_ids:1 nr_node_ids:1
[    0.000000] percpu: Embedded 56 pages/cpu s191720 r8192 d29464 u2097152
[    0.000000] Kernel command line: root=/dev/sda rw console=ttyS0,115200 acpi=off nokaslr
[    0.000000] Unknown kernel command line parameters "nokaslr", will be passed to user space.
[    0.000000] Dentry cache hash table entries: 262144 (order: 9, 2097152 bytes, linear)
[    0.000000] Inode-cache hash table entries: 131072 (order: 8, 1048576 bytes, linear)
[    0.000000] Fallback order for Node 0: 0 
[    0.000000] Built 1 zonelists, mobility grouping on.  Total pages: 524414
[    0.000000] Policy zone: DMA32
[    0.000000] mem auto-init: stack:off, heap alloc:off, heap free:off, mlocked free:off
[    0.000000] Memory: 2017564K/2097656K available (20480K kernel code, 2804K rwdata, 6828K rodata, 2764K init, 1072K bss, 79836K reserved, 0K cma-reserved)
[    0.000000] SLUB: HWalign=64, Order=0-3, MinObjects=0, CPUs=1, Nodes=1
[    0.000000] Dynamic Preempt: voluntary
[    0.000000] rcu: Preemptible hierarchical RCU implementation.
[    0.000000] rcu: 	RCU event tracing is enabled.
[    0.000000] rcu: 	RCU restricting CPUs from NR_CPUS=64 to nr_cpu_ids=1.
[    0.000000] 	Trampoline variant of Tasks RCU enabled.
[    0.000000] rcu: RCU calculated value of scheduler-enlistment delay is 100 jiffies.
[    0.000000] rcu: Adjusting geometry for rcu_fanout_leaf=16, nr_cpu_ids=1
[    0.000000] RCU Tasks: Setting shift to 0 and lim to 1 rcu_task_cb_adjust=1.
[    0.000000] NR_IRQS: 4352, nr_irqs: 256, preallocated irqs: 16
[    0.000000] rcu: srcu_init: Setting srcu_struct sizes based on contention.
[    0.000000] Console: colour VGA+ 80x25
[    0.000000] printk: legacy console [ttyS0] enabled
[    0.000000] APIC: Switch to symmetric I/O mode setup
[    0.004000] ..TIMER: vector=0x30 apic1=0 pin1=2 apic2=-1 pin2=-1
[    0.012000] tsc: Unable to calibrate against PIT
[    0.012000] tsc: No reference (HPET/PMTIMER) available
[    0.012000] tsc: Marking TSC unstable due to could not calculate TSC khz
[    0.013000] Calibrating delay loop... 915.45 BogoMIPS (lpj=457728)
[    0.023000] Last level iTLB entries: 4KB 512, 2MB 255, 4MB 127
[    0.023000] Last level dTLB entries: 4KB 512, 2MB 255, 4MB 127, 1GB 0
[    0.023000] Spectre V1 : Mitigation: usercopy/swapgs barriers and __user pointer sanitization
[    0.024000] Spectre V2 : Mitigation: Retpolines
[    0.024000] Spectre V2 : Spectre v2 / SpectreRSB mitigation: Filling RSB on context switch
[    0.024000] Spectre V2 : Spectre v2 / SpectreRSB : Filling RSB on VMEXIT
[    0.024000] x86/fpu: x87 FPU will use FXSAVE
[    0.393000] Freeing SMP alternatives memory: 48K
[    0.394000] pid_max: default: 32768 minimum: 301
[    0.398000] LSM: initializing lsm=capability,selinux
[    0.399000] SELinux:  Initializing.
[    0.402000] Mount-cache hash table entries: 4096 (order: 3, 32768 bytes, linear)
[    0.403000] Mountpoint-cache hash table entries: 4096 (order: 3, 32768 bytes, linear)
[    0.623000] smpboot: CPU0: AMD QEMU Virtual CPU version 2.5+ (family: 0xf, model: 0x6b, stepping: 0x1)
[    0.629000] Performance Events: PMU not available due to virtualization, using software events only.
[    0.630000] signal: max sigframe size: 1440
[    0.631000] rcu: Hierarchical SRCU implementation.
[    0.631000] rcu: 	Max phase no-delay instances is 400.
[    0.634000] smp: Bringing up secondary CPUs ...
[    0.636000] smp: Brought up 1 node, 1 CPU
[    0.636000] smpboot: Total of 1 processors activated (915.45 BogoMIPS)
[    0.647000] devtmpfs: initialized
[    0.654000] clocksource: jiffies: mask: 0xffffffff max_cycles: 0xffffffff, max_idle_ns: 1911260446275000 ns
[    0.654000] futex hash table entries: 256 (order: 2, 16384 bytes, linear)
[    0.656000] PM: RTC time: 18:42:35, date: 2024-04-13
[    0.659000] NET: Registered PF_NETLINK/PF_ROUTE protocol family
[    0.660000] audit: initializing netlink subsys (disabled)
[    0.662000] audit: type=2000 audit(1713033754.661:1): state=initialized audit_enabled=0 res=1
[    0.665000] thermal_sys: Registered thermal governor 'step_wise'
[    0.665000] thermal_sys: Registered thermal governor 'user_space'
[    0.665000] cpuidle: using governor menu
[    0.668000] PCI: Using configuration type 1 for base access
[    0.669000] kprobes: kprobe jump-optimization is enabled. All kprobes are optimized if possible.
[    0.675000] HugeTLB: registered 2.00 MiB page size, pre-allocated 0 pages
[    0.675000] HugeTLB: 28 KiB vmemmap can be freed for a 2.00 MiB page
[    0.678000] Demotion targets for Node 0: null
[    0.680000] cryptd: max_cpu_qlen set to 1000
[    0.684000] ACPI: Interpreter disabled.
[    0.684000] iommu: Default domain type: Translated
[    0.684000] iommu: DMA domain TLB invalidation policy: lazy mode
[    0.686000] SCSI subsystem initialized
[    0.690000] usbcore: registered new interface driver usbfs
[    0.690000] usbcore: registered new interface driver hub
[    0.690000] usbcore: registered new device driver usb
[    0.690000] pps_core: LinuxPPS API ver. 1 registered
[    0.690000] pps_core: Software ver. 5.3.6 - Copyright 2005-2007 Rodolfo Giometti <giometti@linux.it>
[    0.690000] PTP clock support registered
[    0.694000] Advanced Linux Sound Architecture Driver Initialized.
[    0.704000] NetLabel: Initializing
[    0.704000] NetLabel:  domain hash size = 128
[    0.704000] NetLabel:  protocols = UNLABELED CIPSOv4 CALIPSO
[    0.706000] NetLabel:  unlabeled traffic allowed by default
[    0.711000] PCI: Probing PCI hardware
[    0.712000] PCI host bridge to bus 0000:00
[    0.712000] pci_bus 0000:00: root bus resource [io  0x0000-0xffff]
[    0.714000] pci_bus 0000:00: root bus resource [mem 0x00000000-0xffffffffff]
[    0.714000] pci_bus 0000:00: No busn resource found for root bus, will use [bus 00-ff]
[    0.715000] pci 0000:00:00.0: [8086:1237] type 00 class 0x060000 conventional PCI endpoint
[    0.720000] pci 0000:00:01.0: [8086:7000] type 00 class 0x060100 conventional PCI endpoint
[    0.720000] pci 0000:00:01.1: [8086:7010] type 00 class 0x010180 conventional PCI endpoint
[    0.721000] pci 0000:00:01.1: BAR 4 [io  0xc040-0xc04f]
[    0.722000] pci 0000:00:01.1: BAR 0 [io  0x01f0-0x01f7]: legacy IDE quirk
[    0.722000] pci 0000:00:01.1: BAR 1 [io  0x03f6]: legacy IDE quirk
[    0.722000] pci 0000:00:01.1: BAR 2 [io  0x0170-0x0177]: legacy IDE quirk
[    0.722000] pci 0000:00:01.1: BAR 3 [io  0x0376]: legacy IDE quirk
[    0.724000] pci 0000:00:01.3: [8086:7113] type 00 class 0x068000 conventional PCI endpoint
[    0.725000] pci 0000:00:01.3: quirk: [io  0x0600-0x063f] claimed by PIIX4 ACPI
[    0.725000] pci 0000:00:01.3: quirk: [io  0x0700-0x070f] claimed by PIIX4 SMB
[    0.726000] pci 0000:00:02.0: [1234:1111] type 00 class 0x030000 conventional PCI endpoint
[    0.726000] pci 0000:00:02.0: BAR 0 [mem 0xfd000000-0xfdffffff pref]
[    0.726000] pci 0000:00:02.0: BAR 2 [mem 0xfebb0000-0xfebb0fff]
[    0.729000] pci 0000:00:02.0: ROM [mem 0xfeba0000-0xfebaffff pref]
[    0.729000] pci 0000:00:02.0: Video device with shadowed ROM at [mem 0x000c0000-0x000dffff]
[    0.732000] pci 0000:00:03.0: [8086:100e] type 00 class 0x020000 conventional PCI endpoint
[    0.732000] pci 0000:00:03.0: BAR 0 [mem 0xfeb80000-0xfeb9ffff]
[    0.733000] pci 0000:00:03.0: BAR 1 [io  0xc000-0xc03f]
[    0.733000] pci 0000:00:03.0: ROM [mem 0xfeb00000-0xfeb7ffff pref]
[    0.736000] pci_bus 0000:00: busn_res: [bus 00-ff] end is updated to 00
[    0.740000] pci 0000:00:01.0: PIIX/ICH IRQ router [8086:7000]
[    0.742000] pci 0000:00:02.0: vgaarb: setting as boot VGA device
[    0.742000] pci 0000:00:02.0: vgaarb: bridge control possible
[    0.742000] pci 0000:00:02.0: vgaarb: VGA device added: decodes=io+mem,owns=io+mem,locks=none
[    0.742000] vgaarb: loaded
[    0.746000] clocksource: Switched to clocksource refined-jiffies
[    0.752998] VFS: Disk quotas dquot_6.6.0
[    0.752998] VFS: Dquot-cache hash table entries: 512 (order 0, 4096 bytes)
[    0.754998] pnp: PnP ACPI: disabled
[    0.792992] NET: Registered PF_INET protocol family
[    0.793992] IP idents hash table entries: 32768 (order: 6, 262144 bytes, linear)
[    0.805990] tcp_listen_portaddr_hash hash table entries: 1024 (order: 2, 16384 bytes, linear)
[    0.805990] Table-perturb hash table entries: 65536 (order: 6, 262144 bytes, linear)
[    0.805990] TCP established hash table entries: 16384 (order: 5, 131072 bytes, linear)
[    0.805990] TCP bind hash table entries: 16384 (order: 7, 524288 bytes, linear)
[    0.806990] TCP: Hash tables configured (established 16384 bind 16384)
[    0.812989] UDP hash table entries: 1024 (order: 3, 32768 bytes, linear)
[    0.812989] UDP-Lite hash table entries: 1024 (order: 3, 32768 bytes, linear)
[    0.814989] NET: Registered PF_UNIX/PF_LOCAL protocol family
[    0.819988] RPC: Registered named UNIX socket transport module.
[    0.820988] RPC: Registered udp transport module.
[    0.820988] RPC: Registered tcp transport module.
[    0.820988] RPC: Registered tcp-with-tls transport module.
[    0.820988] RPC: Registered tcp NFSv4.1 backchannel transport module.
[    0.823988] pci_bus 0000:00: resource 4 [io  0x0000-0xffff]
[    0.823988] pci_bus 0000:00: resource 5 [mem 0x00000000-0xffffffffff]
[    0.824987] pci 0000:00:01.0: PIIX3: Enabling Passive Release
[    0.824987] pci 0000:00:00.0: Limiting direct PCI/PCI transfers
[    0.824987] PCI: CLS 0 bytes, default 64
[    0.833986] platform rtc_cmos: registered platform RTC device (no PNP device found)
[    0.834986] AVX or AES-NI instructions are not detected.
[    0.834986] AVX2 or AES-NI instructions are not detected.
[    0.834986] AVX512/GFNI instructions are not detected.
[    1.063951] Initialise system trusted keyrings
[    1.064951] workingset: timestamp_bits=56 max_order=19 bucket_order=0
[    1.068950] NFS: Registering the id_resolver key type
[    1.069950] Key type id_resolver registered
[    1.069950] Key type id_legacy registered
[    1.069950] 9p: Installing v9fs 9p2000 file system support
[    1.163936] Key type asymmetric registered
[    1.163936] Asymmetric key parser 'x509' registered
[    1.164936] Block layer SCSI generic (bsg) driver version 0.4 loaded (major 251)
[    1.164936] io scheduler mq-deadline registered
[    1.164936] io scheduler kyber registered
[    1.167935] kworker/R-acpi_ (40) used greatest stack depth: 15688 bytes left
[    1.168935] Serial: 8250/16550 driver, 4 ports, IRQ sharing enabled
ÿ[    1.431895] serial8250: ttyS0 at I/O 0x3f8 (irq = 4, base_baud = 115200) is a 16550A
[    1.438894] Non-volatile memory driver v1.3
[    1.438894] Linux agpgart interface v0.103
[    1.452892] loop: module loaded
[    1.462891] scsi host0: ata_piix
[    1.463890] scsi host1: ata_piix
[    1.463890] ata1: PATA max MWDMA2 cmd 0x1f0 ctl 0x3f6 bmdma 0xc040 irq 14 lpm-pol 0
[    1.463890] ata2: PATA max MWDMA2 cmd 0x170 ctl 0x376 bmdma 0xc048 irq 15 lpm-pol 0
[    1.467890] e100: Intel(R) PRO/100 Network Driver
[    1.468890] e100: Copyright(c) 1999-2006 Intel Corporation
[    1.469889] e1000: Intel(R) PRO/1000 Network Driver
[    1.469889] e1000: Copyright (c) 1999-2006 Intel Corporation.
[    1.470889] e1000 0000:00:03.0: PCI->APIC IRQ transform: INT A -> IRQ 11
[    1.626866] ata2: found unknown device (class 0)
[    1.627865] ata1: found unknown device (class 0)
[    1.629865] ata2.00: ATAPI: QEMU DVD-ROM, 2.5+, max UDMA/100
[    1.630865] ata1.00: ATA-7: QEMU HARDDISK, 2.5+, max UDMA/100
[    1.630865] ata1.00: 122880 sectors, multi 16: LBA48 
[    1.644863] scsi 0:0:0:0: Direct-Access     ATA      QEMU HARDDISK    2.5+ PQ: 0 ANSI: 5
[    1.653861] sd 0:0:0:0: [sda] 122880 512-byte logical blocks: (62.9 MB/60.0 MiB)
[    1.654861] sd 0:0:0:0: [sda] Write Protect is off
[    1.654861] sd 0:0:0:0: [sda] Write cache: enabled, read cache: enabled, doesn't support DPO or FUA
[    1.658861] sd 0:0:0:0: [sda] Preferred minimum I/O size 512 bytes
[    1.659861] sd 0:0:0:0: Attached scsi generic sg0 type 0
[    1.662860] scsi 1:0:0:0: CD-ROM            QEMU     QEMU DVD-ROM     2.5+ PQ: 0 ANSI: 5
[    1.679858] sd 0:0:0:0: [sda] Attached SCSI disk
[    1.680857] sr 1:0:0:0: [sr0] scsi3-mmc drive: 4x/4x cd/rw xa/form2 tray
[    1.680857] cdrom: Uniform CD-ROM driver Revision: 3.20
[    1.696855] sr 1:0:0:0: Attached scsi generic sg1 type 5
[    1.789841] e1000 0000:00:03.0 eth0: (PCI:33MHz:32-bit) 52:54:00:12:34:56
[    1.790841] e1000 0000:00:03.0 eth0: Intel(R) PRO/1000 Network Connection
[    1.790841] e1000e: Intel(R) PRO/1000 Network Driver
[    1.790841] e1000e: Copyright(c) 1999 - 2015 Intel Corporation.
[    1.791841] sky2: driver version 1.30
[    1.792840] usbcore: registered new interface driver usblp
[    1.792840] usbcore: registered new interface driver usb-storage
[    1.792840] i8042: PNP: No PS/2 controller found.
[    1.792840] i8042: Probing ports directly.
[    1.795840] serio: i8042 KBD port at 0x60,0x64 irq 1
[    1.795840] serio: i8042 AUX port at 0x60,0x64 irq 12
[    1.800839] rtc_cmos rtc_cmos: registered as rtc0
[    1.800839] rtc_cmos rtc_cmos: alarms up to one day, 114 bytes nvram
[    1.801839] input: AT Translated Set 2 keyboard as /devices/platform/i8042/serio0/input/input0
[    1.802839] fail to initialize ptp_kvm
[    1.802839] device-mapper: ioctl: 4.48.0-ioctl (2023-03-01) initialised: dm-devel@lists.linux.dev
[    1.802839] amd_pstate: the _CPC object is not present in SBIOS or ACPI disabled
[    1.804839] hid: raw HID events driver (C) Jiri Kosina
[    1.806838] usbcore: registered new interface driver usbhid
[    1.806838] usbhid: USB HID core driver
[    1.806838] Driver 'wmi-bmof' was unable to register with bus_type 'wmi' because the bus was not initialized.
[    1.812837] Initializing XFRM netlink socket
[    1.812837] NET: Registered PF_INET6 protocol family
[    1.817837] Segment Routing with IPv6
[    1.817837] In-situ OAM (IOAM) with IPv6
[    1.818836] sit: IPv6, IPv4 and MPLS over IPv4 tunneling driver
[    1.820836] NET: Registered PF_PACKET protocol family
[    1.821836] 9pnet: Installing 9P2000 support
[    1.822836] Key type dns_resolver registered
[    1.823836] IPI shorthand broadcast: enabled
[    1.843833] registered taskstats version 1
[    1.843833] Loading compiled-in X.509 certificates
[    1.853831] Demotion targets for Node 0: null
[    1.856831] PM:   Magic number: 4:558:746
[    1.856831] printk: legacy console [netcon0] enabled
[    1.856831] netconsole: network logging started
[    1.857830] cfg80211: Loading compiled-in X.509 certificates for regulatory database
[    1.863830] kworker/u4:0 (48) used greatest stack depth: 15000 bytes left
[    1.869829] Loaded X.509 cert 'sforshee: 00b28ddf47aef9cea7'
[    1.870829] Loaded X.509 cert 'wens: 61c038651aabdcf94bd0ac7ff06c7248db18c600'
[    1.871828] platform regulatory.0: Direct firmware load for regulatory.db failed with error -2
[    1.871828] cfg80211: failed to load regulatory.db
[    1.872828] Unstable clock detected, switching default tracing clock to "global"
[    1.872828] If you want to keep using the local clock, then add:
[    1.872828]   "trace_clock=local"
[    1.872828] on the kernel command line
[    1.873828] ALSA device list:
[    1.873828]   No soundcards found.
[    2.432743] input: ImExPS/2 Generic Explorer Mouse as /devices/platform/i8042/serio1/input/input2
[    2.433743] md: Waiting for all devices to be available before autodetect
[    2.433743] md: If you don't use raid, use raid=noautodetect
[    2.433743] md: Autodetecting RAID arrays.
[    2.434743] md: autorun ...
[    2.434743] md: ... autorun DONE.
[    2.481736] EXT4-fs (sda): recovery complete
[    2.483735] EXT4-fs (sda): mounted filesystem 3d094605-5b3b-4464-9da0-e7ccca2a7e5e r/w with ordered data mode. Quota mode: none.
[    2.484735] VFS: Mounted root (ext4 filesystem) on device 8:0.
[    2.485735] devtmpfs: mounted
[    2.522729] Freeing unused kernel image (initmem) memory: 2764K
[    2.522729] Write protecting the kernel read-only data: 28672k
[    2.524729] Freeing unused kernel image (rodata/data gap) memory: 1364K
[    2.693703] x86/mm: Checked W+X mappings: passed, no W+X pages found.
[    2.693703] Run /sbin/init as init process
[    2.817685] mount (54) used greatest stack depth: 13536 bytes left
[    2.863678] EXT4-fs (sda): re-mounted 3d094605-5b3b-4464-9da0-e7ccca2a7e5e r/w. Quota mode: none.
[    2.978660] swapon (59) used greatest stack depth: 13280 bytes left
Saving 256 bits of non-creditable seed for next boot
Starting syslogd: OK
Starting klogd: OK
Running sysctl: OK
Starting network: [    3.746543] ip (89) used greatest stack depth: 13232 bytes left
OK

Welcome to Babdelka linux
babdelka login: 